#
# There is insufficient memory for the Java Runtime Environment to continue.
# Native memory allocation (mmap) failed to map 67108864 bytes. Error detail: G1 virtual space
# Possible reasons:
#   The system is out of physical RAM or swap space
#   This process is running with CompressedOops enabled, and the Java Heap may be blocking the growth of the native heap
# Possible solutions:
#   Reduce memory load on the system
#   Increase physical memory or swap space
#   Check if swap backing store is full
#   Decrease Java heap size (-Xmx/-Xms)
#   Decrease number of Java threads
#   Decrease Java thread stack sizes (-Xss)
#   Set larger code cache with -XX:ReservedCodeCacheSize=
#   JVM is running with Unscaled Compressed Oops mode in which the Java heap is
#     placed in the first 4GB address space. The Java Heap base address is the
#     maximum limit for the native heap growth. Please use -XX:HeapBaseMinAddress
#     to set the Java Heap base and to place the Java Heap above 4GB virtual address.
# This output file may be truncated or incomplete.
#
#  Out of Memory Error (os_windows.cpp:3717), pid=19044, tid=7296
#
# JRE version:  (21.0.11+10) (build )
# Java VM: OpenJDK 64-Bit Server VM (21.0.11+10-LTS, mixed mode, sharing, tiered, compressed oops, compressed class ptrs, g1 gc, windows-amd64)
# No core dump will be written. Minidumps are not enabled by default on client versions of Windows
#

---------------  S U M M A R Y ------------

Command Line: -Xmx64m -Xms64m -Dorg.gradle.appname=gradlew E:\Afsara's Projects\VoiceBridge\voicebridge-android\\gradle\wrapper\gradle-wrapper.jar :app:assembleDebug

Host: 13th Gen Intel(R) Core(TM) i5-13420H, 12 cores, 15G,  Windows 11 , 64 bit Build 26100 (10.0.26100.8328)
Time: Mon May 11 21:25:42 2026 Bangladesh Standard Time elapsed time: 0.070164 seconds (0d 0h 0m 0s)

---------------  T H R E A D  ---------------

Current thread (0x0000020aac5b2dc0):  JavaThread "Unknown thread" [_thread_in_vm, id=7296, stack(0x00000019ed000000,0x00000019ed100000) (1024K)]

Stack: [0x00000019ed000000,0x00000019ed100000]
Native frames: (J=compiled Java code, j=interpreted, Vv=VM code, C=native code)
V  [jvm.dll+0x6e0429]  (no source info available)
V  [jvm.dll+0x8c057b]  (no source info available)
V  [jvm.dll+0x8c2b0a]  (no source info available)
V  [jvm.dll+0x8c31e3]  (no source info available)
V  [jvm.dll+0x28ac66]  (no source info available)
V  [jvm.dll+0x6df8d5]  (no source info available)
V  [jvm.dll+0x6d36aa]  (no source info available)
V  [jvm.dll+0x367b8e]  (no source info available)
V  [jvm.dll+0x36fa5b]  (no source info available)
V  [jvm.dll+0x3c1539]  (no source info available)
V  [jvm.dll+0x3c17db]  (no source info available)
V  [jvm.dll+0x33b447]  (no source info available)
V  [jvm.dll+0x33bf8b]  (no source info available)
V  [jvm.dll+0x88aaae]  (no source info available)
V  [jvm.dll+0x3ce491]  (no source info available)
V  [jvm.dll+0x8739bc]  (no source info available)
V  [jvm.dll+0x4620a1]  (no source info available)
V  [jvm.dll+0x463ce1]  (no source info available)
C  [jli.dll+0x52f8]  (no source info available)
C  [ucrtbase.dll+0x37b0]  (no source info available)
C  [KERNEL32.DLL+0x2e957]  (no source info available)
C  [ntdll.dll+0x427c]  (no source info available)


---------------  P R O C E S S  ---------------

Threads class SMR info:
_java_thread_list=0x00007ffcf33e7288, length=0, elements={
}

Java Threads: ( => current thread )
Total: 0

Other Threads:
  0x0000020aae8e3d10 WorkerThread "GC Thread#0"                     [id=19996, stack(0x00000019ed100000,0x00000019ed200000) (1024K)]
  0x0000020aae8e6510 ConcurrentGCThread "G1 Main Marker"            [id=18504, stack(0x00000019ed200000,0x00000019ed300000) (1024K)]
  0x0000020aae8e7020 WorkerThread "G1 Conc#0"                       [id=26160, stack(0x00000019ed300000,0x00000019ed400000) (1024K)]

[error occurred during error reporting (printing all threads), id 0xc0000005, EXCEPTION_ACCESS_VIOLATION (0xc0000005) at pc=0x00007ffcf2addf07]
VM state: not at safepoint (not fully initialized)

VM Mutex/Monitor currently owned by a thread:  ([mutex/lock_event])
[0x00007ffcf345b9b0] Heap_lock - owner thread: 0x0000020aac5b2dc0

Heap address: 0x00000000fc000000, size: 64 MB, Compressed Oops mode: 32-bit

CDS archive(s) mapped at: [0x0000000000000000-0x0000000000000000-0x0000000000000000), size 0, SharedBaseAddress: 0x0000000800000000, ArchiveRelocationMode: 1.
Narrow klass base: 0x0000000000000000, Narrow klass shift: 0, Narrow klass range: 0x0

GC Precious Log:
 CardTable entry size: 512
 Card Set container configuration: InlinePtr #cards 5 size 8 Array Of Cards #cards 12 size 40 Howl #buckets 4 coarsen threshold 1843 Howl Bitmap #cards 512 size 80 coarsen threshold 460 Card regions per heap region 1 cards per card region 2048

Heap:
 garbage-first heap   total 0K, used 0K [0x00000000fc000000, 0x0000000100000000)
  region size 1024K, 0 young (0K), 0 survivors (0K)

[error occurred during error reporting (printing heap information), id 0xc0000005, EXCEPTION_ACCESS_VIOLATION (0xc0000005) at pc=0x00007ffcf2ecd3c9]
GC Heap History (0 events):
No events

Dll operation events (1 events):
Event: 0.046 Loaded shared library C:\Program Files\Microsoft\jdk-21.0.11.10-hotspot\bin\java.dll

Deoptimization events (0 events):
No events

Classes loaded (0 events):
No events

Classes unloaded (0 events):
No events

Classes redefined (0 events):
No events

Internal exceptions (0 events):
No events

ZGC Phase Switch (0 events):
No events

VM Operations (0 events):
No events

Memory protections (0 events):
No events

Nmethod flushes (0 events):
No events

Events (0 events):
No events


Dynamic libraries:
0x00007ff67a880000 - 0x00007ff67a88e000 	C:\Program Files\Microsoft\jdk-21.0.11.10-hotspot\bin\java.exe
0x00007ffdcb600000 - 0x00007ffdcb867000 	C:\WINDOWS\SYSTEM32\ntdll.dll
0x00007ffdcab20000 - 0x00007ffdcabe9000 	C:\WINDOWS\System32\KERNEL32.DLL
0x00007ffdc8310000 - 0x00007ffdc8707000 	C:\WINDOWS\System32\KERNELBASE.dll
0x00007ffdc8110000 - 0x00007ffdc825b000 	C:\WINDOWS\System32\ucrtbase.dll
0x00007ffd78160000 - 0x00007ffd7817e000 	C:\Program Files\Microsoft\jdk-21.0.11.10-hotspot\bin\VCRUNTIME140.dll
0x00007ffd77c50000 - 0x00007ffd77c68000 	C:\Program Files\Microsoft\jdk-21.0.11.10-hotspot\bin\jli.dll
0x00007ffdcabf0000 - 0x00007ffdcadb6000 	C:\WINDOWS\System32\USER32.dll
0x00007ffdc80e0000 - 0x00007ffdc8107000 	C:\WINDOWS\System32\win32u.dll
0x00007ffdaf270000 - 0x00007ffdaf502000 	C:\WINDOWS\WinSxS\amd64_microsoft.windows.common-controls_6595b64144ccf1df_6.0.26100.8328_none_3e08182ce334b678\COMCTL32.dll
0x00007ffdca070000 - 0x00007ffdca119000 	C:\WINDOWS\System32\msvcrt.dll
0x00007ffdcb3a0000 - 0x00007ffdcb3cb000 	C:\WINDOWS\System32\GDI32.dll
0x00007ffdc9250000 - 0x00007ffdc937c000 	C:\WINDOWS\System32\gdi32full.dll
0x00007ffdc8260000 - 0x00007ffdc8303000 	C:\WINDOWS\System32\msvcp_win.dll
0x00007ffdca240000 - 0x00007ffdca272000 	C:\WINDOWS\System32\IMM32.DLL
0x00007ffdaf6d0000 - 0x00007ffdaf6dc000 	C:\Program Files\Microsoft\jdk-21.0.11.10-hotspot\bin\vcruntime140_1.dll
0x00007ffd38f10000 - 0x00007ffd38f99000 	C:\Program Files\Microsoft\jdk-21.0.11.10-hotspot\bin\msvcp140.dll
0x00007ffcf2790000 - 0x00007ffcf353e000 	C:\Program Files\Microsoft\jdk-21.0.11.10-hotspot\bin\server\jvm.dll
0x00007ffdc9c20000 - 0x00007ffdc9cd6000 	C:\WINDOWS\System32\ADVAPI32.dll
0x00007ffdcb080000 - 0x00007ffdcb127000 	C:\WINDOWS\System32\sechost.dll
0x00007ffdca120000 - 0x00007ffdca238000 	C:\WINDOWS\System32\RPCRT4.dll
0x00007ffdc9410000 - 0x00007ffdc9490000 	C:\WINDOWS\System32\WS2_32.dll
0x00007ffdc76c0000 - 0x00007ffdc771e000 	C:\WINDOWS\SYSTEM32\POWRPROF.dll
0x00007ffdb9550000 - 0x00007ffdb9586000 	C:\WINDOWS\SYSTEM32\WINMM.dll
0x00007ffdbca00000 - 0x00007ffdbca0b000 	C:\WINDOWS\SYSTEM32\VERSION.dll
0x00007ffdc7500000 - 0x00007ffdc7514000 	C:\WINDOWS\SYSTEM32\UMPDC.dll
0x00007ffdc6dc0000 - 0x00007ffdc6ddb000 	C:\WINDOWS\SYSTEM32\kernel.appcore.dll
0x00007ffda4e50000 - 0x00007ffda4e5a000 	C:\Program Files\Microsoft\jdk-21.0.11.10-hotspot\bin\jimage.dll
0x00007ffdc5e80000 - 0x00007ffdc60c2000 	C:\WINDOWS\SYSTEM32\DBGHELP.DLL
0x00007ffdc9ce0000 - 0x00007ffdca063000 	C:\WINDOWS\System32\combase.dll
0x00007ffdca280000 - 0x00007ffdca359000 	C:\WINDOWS\System32\OLEAUT32.dll
0x00007ffda8ff0000 - 0x00007ffda902b000 	C:\WINDOWS\SYSTEM32\dbgcore.DLL
0x00007ffdc8030000 - 0x00007ffdc80d8000 	C:\WINDOWS\System32\bcryptPrimitives.dll
0x00007ffd566a0000 - 0x00007ffd566c1000 	C:\Program Files\Microsoft\jdk-21.0.11.10-hotspot\bin\java.dll

JVMTI agents: none

dbghelp: loaded successfully - version: 4.0.5 - missing functions: none
symbol engine: initialized successfully - sym options: 0x614 - pdb path: .;C:\Program Files\Microsoft\jdk-21.0.11.10-hotspot\bin;C:\WINDOWS\SYSTEM32;C:\WINDOWS\WinSxS\amd64_microsoft.windows.common-controls_6595b64144ccf1df_6.0.26100.8328_none_3e08182ce334b678;C:\Program Files\Microsoft\jdk-21.0.11.10-hotspot\bin\server

VM Arguments:
jvm_args: -Xmx64m -Xms64m -Dorg.gradle.appname=gradlew 
java_command: E:\Afsara's Projects\VoiceBridge\voicebridge-android\\gradle\wrapper\gradle-wrapper.jar :app:assembleDebug
java_class_path (initial): E:\Afsara's Projects\VoiceBridge\voicebridge-android\\gradle\wrapper\gradle-wrapper.jar
Launcher Type: SUN_STANDARD

[Global flags]
     intx CICompilerCount                          = 4                                         {product} {ergonomic}
     uint ConcGCThreads                            = 3                                         {product} {ergonomic}
     uint G1ConcRefinementThreads                  = 10                                        {product} {ergonomic}
   size_t G1HeapRegionSize                         = 1048576                                   {product} {ergonomic}
    uintx GCDrainStackTargetSize                   = 64                                        {product} {ergonomic}
   size_t InitialHeapSize                          = 67108864                                  {product} {command line}
   size_t MarkStackSize                            = 4194304                                   {product} {ergonomic}
   size_t MaxHeapSize                              = 67108864                                  {product} {command line}
   size_t MinHeapDeltaBytes                        = 1048576                                   {product} {ergonomic}
   size_t MinHeapSize                              = 67108864                                  {product} {command line}
    uintx NonNMethodCodeHeapSize                   = 5839372                                {pd product} {ergonomic}
    uintx NonProfiledCodeHeapSize                  = 122909434                              {pd product} {ergonomic}
    uintx ProfiledCodeHeapSize                     = 122909434                              {pd product} {ergonomic}
    uintx ReservedCodeCacheSize                    = 251658240                              {pd product} {ergonomic}
     bool SegmentedCodeCache                       = true                                      {product} {ergonomic}
   size_t SoftMaxHeapSize                          = 67108864                               {manageable} {ergonomic}
     bool UseCompressedOops                        = true                           {product lp64_product} {ergonomic}
     bool UseG1GC                                  = true                                      {product} {ergonomic}
     bool UseLargePagesIndividualAllocation        = false                                  {pd product} {ergonomic}

Logging:
Log output configuration:
 #0: stdout all=warning uptime,level,tags foldmultilines=false
 #1: stderr all=off uptime,level,tags foldmultilines=false

Release file:
<release file has not been read>
Environment Variables:
JAVA_HOME=C:\Program Files\Microsoft\jdk-21.0.11.10-hotspot
PATH=C:\Program Files\Microsoft\jdk-21.0.11.10-hotspot\bin;C:\WINDOWS\system32;C:\WINDOWS;C:\WINDOWS\System32\Wbem;C:\WINDOWS\System32\WindowsPowerShell\v1.0\;C:\WINDOWS\System32\OpenSSH\;C:\Program Files\Git\cmd;C:\Program Files\nodejs\;C:\Program Files\Microsoft\jdk-21.0.11.10-hotspot\bin;C:\Users\User\Scripts\;C:\Users\User\;C:\Users\User\AppData\Local\Programs\Python\Python313\Scripts\;C:\Users\User\AppData\Local\Programs\Python\Python313\;C:\Users\User\AppData\Local\Programs\Python\Launcher\;C:\Program Files\MySQL\MySQL Shell 8.0\bin\;C:\Users\User\AppData\Local\Microsoft\WindowsApps;C:\Users\User\AppData\Local\Programs\Microsoft VS Code\bin;C:\Program Files\JetBrains\PyCharm 2026.1\bin;C:\Users\User\AppData\Local\Programs\Antigravity\bin;C:\Users\User\AppData\Roaming\npm
USERNAME=User
OS=Windows_NT
PROCESSOR_IDENTIFIER=Intel64 Family 6 Model 186 Stepping 2, GenuineIntel
TMP=C:\Users\User\AppData\Local\Temp
TEMP=C:\Users\User\AppData\Local\Temp




Periodic native trim disabled

---------------  S Y S T E M  ---------------

OS:
 Windows 11 , 64 bit Build 26100 (10.0.26100.8328)
OS uptime: 6 days 0:29 hours
Hyper-V role detected

CPU: total 12 (initial active 12) (6 cores per cpu, 2 threads per core) family 6 model 186 stepping 2 microcode 0x410e, cx8, cmov, fxsr, ht, mmx, 3dnowpref, sse, sse2, sse3, ssse3, sse4.1, sse4.2, popcnt, lzcnt, tsc, tscinvbit, avx, avx2, aes, erms, clmul, bmi1, bmi2, adx, sha, fma, vzeroupper, clflush, clflushopt, clwb, hv, serialize, rdtscp, rdpid, fsrm, f16c, cet_ibt, cet_ss
Processor Information for the first 12 processors :
  Max Mhz: 2100, Current Mhz: 2100, Mhz Limit: 2100

Memory: 4k page, system-wide physical 16087M (1847M free)
TotalPageFile size 21952M (AvailPageFile size 62M)
current process WorkingSet (physical memory assigned to process): 13M, peak: 13M
current process commit charge ("private bytes"): 63M, peak: 127M

vm_info: OpenJDK 64-Bit Server VM (21.0.11+10-LTS) for windows-amd64 JRE (21.0.11+10-LTS), built on 2026-04-18T18:13:49Z by "MicrosoftCorporation" with MS VC++ 17.14 (VS2022)

END.
